------------------------------------------------------------------------------------------------------------------------

[2026-06-09 15:48:03 #1 explorer] 
[ObjectDB 2.9.5] javax.persistence.PersistenceException
Attempt to open a database file 'C:\Users\2damv19\git\CircoDamian\CircoDamian\db\circo_incidencias.odb' that is currently in use by another process (error 141)
	at com.objectdb.Explorer$1.run(Explorer.java:57)
	at java.desktop/java.awt.event.InvocationEvent.dispatch(InvocationEvent.java:318)
	at java.desktop/java.awt.EventQueue.dispatchEventImpl(EventQueue.java:773)
	at java.desktop/java.awt.EventQueue$4.run(EventQueue.java:720)
	at java.desktop/java.awt.EventQueue$4.run(EventQueue.java:714)
	at java.base/java.security.AccessController.doPrivileged(AccessController.java:400)
	at java.base/java.security.ProtectionDomain$JavaSecurityAccessImpl.doIntersectionPrivilege(ProtectionDomain.java:87)
	at java.desktop/java.awt.EventQueue.dispatchEvent(EventQueue.java:742)
	at java.desktop/java.awt.EventDispatchThread.pumpOneEventForFilters(EventDispatchThread.java:203)
	at java.desktop/java.awt.EventDispatchThread.pumpEventsForFilter(EventDispatchThread.java:124)
	at java.desktop/java.awt.EventDispatchThread.pumpEventsForHierarchy(EventDispatchThread.java:113)
	at java.desktop/java.awt.EventDispatchThread.pumpEvents(EventDispatchThread.java:109)
	at java.desktop/java.awt.EventDispatchThread.pumpEvents(EventDispatchThread.java:101)
	at java.desktop/java.awt.EventDispatchThread.run(EventDispatchThread.java:90)
Caused by: com.objectdb.o.UserException: Attempt to open a database file 'C:\Users\2damv19\git\CircoDamian\CircoDamian\db\circo_incidencias.odb' that is currently in use by another process
	at com.objectdb.o.MSG.a(MSG.java:64)
	at com.objectdb.o.LFL.J(LFL.java:947)
	at com.objectdb.o.LFL.x(LFL.java:904)
	at com.objectdb.o.LFL.x(LFL.java:814)
	at com.objectdb.o.DFL.<init>(DFL.java:241)
	at com.objectdb.o.DMG.<init>(DMG.java:27)
	at com.objectdb.o.MST.<init>(MST.java:127)
	at com.objectdb.o.MST.ap(MST.java:109)
	at com.objectdb.o.MSF.Zf(MSF.java:190)
	at com.objectdb.o.OMF.s(OMF.java:819)
	at com.objectdb.jpa.EMF.s(EMF.java:127)
	at com.objectdb.o.OMF.x(OMF.java:725)
	at com.objectdb.jpa.EMF.createEntityManager(EMF.java:145)
	... 16 more

------------------------------------------------------------------------------------------------------------------------

[2026-06-09 15:48:25 #1 server] 
Server on port 6136 has started by 22148@A307PC10

------------------------------------------------------------------------------------------------------------------------

[2026-06-09 15:49:35 #1 explorer] 
[ObjectDB 2.9.5] javax.persistence.PersistenceException
Attempt to open a database file 'C:\Users\2damv19\git\CircoDamian\CircoDamian\db\circo_incidencias.odb' that is currently in use by another process (error 141)
	at com.objectdb.Explorer$1.run(Explorer.java:57)
	at java.desktop/java.awt.event.InvocationEvent.dispatch(InvocationEvent.java:318)
	at java.desktop/java.awt.EventQueue.dispatchEventImpl(EventQueue.java:773)
	at java.desktop/java.awt.EventQueue$4.run(EventQueue.java:720)
	at java.desktop/java.awt.EventQueue$4.run(EventQueue.java:714)
	at java.base/java.security.AccessController.doPrivileged(AccessController.java:400)
	at java.base/java.security.ProtectionDomain$JavaSecurityAccessImpl.doIntersectionPrivilege(ProtectionDomain.java:87)
	at java.desktop/java.awt.EventQueue.dispatchEvent(EventQueue.java:742)
	at java.desktop/java.awt.EventDispatchThread.pumpOneEventForFilters(EventDispatchThread.java:203)
	at java.desktop/java.awt.EventDispatchThread.pumpEventsForFilter(EventDispatchThread.java:124)
	at java.desktop/java.awt.EventDispatchThread.pumpEventsForHierarchy(EventDispatchThread.java:113)
	at java.desktop/java.awt.EventDispatchThread.pumpEvents(EventDispatchThread.java:109)
	at java.desktop/java.awt.EventDispatchThread.pumpEvents(EventDispatchThread.java:101)
	at java.desktop/java.awt.EventDispatchThread.run(EventDispatchThread.java:90)
Caused by: com.objectdb.o.UserException: Attempt to open a database file 'C:\Users\2damv19\git\CircoDamian\CircoDamian\db\circo_incidencias.odb' that is currently in use by another process
	at com.objectdb.o.MSG.a(MSG.java:64)
	at com.objectdb.o.LFL.J(LFL.java:947)
	at com.objectdb.o.LFL.x(LFL.java:904)
	at com.objectdb.o.LFL.x(LFL.java:814)
	at com.objectdb.o.DFL.<init>(DFL.java:241)
	at com.objectdb.o.DMG.<init>(DMG.java:27)
	at com.objectdb.o.MST.<init>(MST.java:127)
	at com.objectdb.o.MST.ap(MST.java:109)
	at com.objectdb.o.MSF.Zf(MSF.java:190)
	at com.objectdb.o.OMF.s(OMF.java:819)
	at com.objectdb.jpa.EMF.s(EMF.java:127)
	at com.objectdb.o.OMF.x(OMF.java:725)
	at com.objectdb.jpa.EMF.createEntityManager(EMF.java:145)
	... 16 more

------------------------------------------------------------------------------------------------------------------------

[2026-06-09 16:00:58 #1 store] 
Database 'C:\Users\2damv19\git\CircoDamian\CircoDamian\db\circo_incidencias.odb' is opened by 12852@A307PC10

[2026-06-09 16:00:58 #2 store] 
Configuration path: C:\Users\2damv19\git\CircoDamian\CircoDamian\lib\objectdb-2.9.5\objectdb.conf

[2026-06-09 16:01:48 #3 store] 
Database 'C:\Users\2damv19\git\CircoDamian\CircoDamian\db\circo_incidencias.odb' is closed by 12852@A307PC10

[2026-06-09 16:01:52 #4 store] 
Database 'C:\Users\2damv19\git\CircoDamian\CircoDamian\db\circo_incidencias.odb' is opened by 12852@A307PC10

[2026-06-09 16:01:52 #5 store] 
Configuration path: C:\Users\2damv19\git\CircoDamian\CircoDamian\lib\objectdb-2.9.5\objectdb.conf

[2026-06-09 16:09:02 #2 store] 
Database 'C:\Users\2damv19\git\CircoDamian\CircoDamian\lib\objectdb-2.9.5\db\circo.odb' is opened by 22148@A307PC10

[2026-06-09 16:09:02 #3 store] 
Configuration path: C:\Users\2damv19\git\CircoDamian\CircoDamian\lib\objectdb-2.9.5\objectdb.conf

[2026-06-09 16:10:07 #6 store] 
Database 'C:\Users\2damv19\git\CircoDamian\CircoDamian\db\circo_incidencias.odb' is closed by 12852@A307PC10

[2026-06-09 17:31:54 #4 store] 
Database 'C:\Users\2damv19\git\CircoDamian\CircoDamian\lib\objectdb-2.9.5\db\circo.odb' is closed by 22148@A307PC10

